<Root>
  <add>
    <number value="1"/>
    <number value="2"/>
  </add>
</Root>
